******************************************************************************
                  TI ARM Linker Unix v18.1.4                   
******************************************************************************
>> Linked Mon Nov 25 11:39:01 2019

OUTPUT FILE NAME:   <finalrtos.out>
ENTRY POINT SYMBOL: "_c_int00_noargs"  address: 000010c1


MEMORY CONFIGURATION

         name            origin    length      used     unused   attr    fill
----------------------  --------  ---------  --------  --------  ----  --------
  FLASH                 00000000   00040000  00001176  0003ee8a  R  X
  SRAM                  20000000   00008000  000004a0  00007b60  RW X


SEGMENT ALLOCATION MAP

run origin  load origin   length   init length attrs members
----------  ----------- ---------- ----------- ----- -------
00000000    00000000    00001178   00001178    r-x
  00000000    00000000    0000026c   0000026c    r-- .intvecs
  0000026c    0000026c    00000eda   00000eda    r-x .text
  00001148    00001148    00000030   00000030    r-- .cinit
20000000    20000000    000004a0   00000000    rw-
  20000000    20000000    0000029c   00000000    rw- .bss
  2000029c    2000029c    00000004   00000000    rw- .data
  200002a0    200002a0    00000200   00000000    rw- .stack


SECTION ALLOCATION MAP

 output                                  attributes/
section   page    origin      length       input sections
--------  ----  ----------  ----------   ----------------
.intvecs   0    00000000    0000026c     
                  00000000    0000026c     tm4c123gh6pm_startup_ccs.obj (.intvecs)

.text      0    0000026c    00000eda     
                  0000026c    00000b04     main.obj (.text)
                  00000d70    00000104     rtos.obj (.text)
                  00000e74    0000009c     rtsv7M4_T_le_v4SPD16_eabi.lib : memcpy_t2.asm.obj (.text)
                  00000f10    00000096                                   : ull_div_t2.asm.obj (.text)
                  00000fa6    0000006e                                   : ll_div_t2.asm.obj (.text)
                  00001014    00000068                                   : copy_decompress_lzss.c.obj (.text:decompress:lzss:__TI_decompress_lzss)
                  0000107c    00000044                                   : autoinit.c.obj (.text:__TI_auto_init_nobinit_nopinit:__TI_auto_init_nobinit_nopinit)
                  000010c0    00000038                                   : boot_cortex_m.c.obj (.text:_c_int00_noargs:_c_int00_noargs)
                  000010f8    00000018                                   : ll_mul_t2.asm.obj (.text)
                  00001110    00000012                                   : copy_zero_init.c.obj (.text:decompress:ZI:__TI_zero_init_nomemset:__TI_zero_init_nomemset)
                  00001122    0000000e                                   : copy_decompress_none.c.obj (.text:decompress:none:__TI_decompress_none)
                  00001130    0000000c     tm4c123gh6pm_startup_ccs.obj (.text)
                  0000113c    00000004     rtsv7M4_T_le_v4SPD16_eabi.lib : pre_init.c.obj (.text:_system_pre_init)
                  00001140    00000004                                   : exit.c.obj (.text:abort:abort)
                  00001144    00000002                                   : div0.asm.obj (.text)

.cinit     0    00001148    00000030     
                  00001148    0000000c     (__TI_handler_table)
                  00001154    00000004     --HOLE-- [fill = 0]
                  00001158    00000008     (.cinit..bss.load) [load image, compression = zero_init]
                  00001160    00000008     (.cinit..data.load) [load image, compression = lzss]
                  00001168    00000010     (__TI_cinit_table)

.init_array 
*          0    00000000    00000000     UNINITIALIZED

.bss       0    20000000    0000029c     UNINITIALIZED
                  20000000    00000210     (.common:tcb)
                  20000210    00000078     (.common:semaphores)
                  20000288    00000004     (.common:flashReq)
                  2000028c    00000004     (.common:keyPressed)
                  20000290    00000004     (.common:keyReleased)
                  20000294    00000004     (.common:resource)
                  20000298    00000004     (.common:sram)

.data      0    2000029c    00000004     UNINITIALIZED
                  2000029c    00000004     main.obj (.data)

.stack     0    200002a0    00000200     UNINITIALIZED
                  200002a0    00000004     rtsv7M4_T_le_v4SPD16_eabi.lib : boot_cortex_m.c.obj (.stack)
                  200002a4    000001fc     --HOLE--

MODULE SUMMARY

       Module                         code   ro data   rw data
       ------                         ----   -------   -------
    ./
       main.obj                       2820   0         672    
       tm4c123gh6pm_startup_ccs.obj   12     620       0      
       rtos.obj                       260    0         0      
    +--+------------------------------+------+---------+---------+
       Total:                         3092   620       672    
                                                              
    /Applications/ti/ccsv8/tools/compiler/ti-cgt-arm_18.1.4.LTS/lib/rtsv7M4_T_le_v4SPD16_eabi.lib
       memcpy_t2.asm.obj              156    0         0      
       ull_div_t2.asm.obj             150    0         0      
       ll_div_t2.asm.obj              110    0         0      
       copy_decompress_lzss.c.obj     104    0         0      
       autoinit.c.obj                 68     0         0      
       boot_cortex_m.c.obj            56     0         0      
       ll_mul_t2.asm.obj              24     0         0      
       copy_zero_init.c.obj           18     0         0      
       copy_decompress_none.c.obj     14     0         0      
       exit.c.obj                     4      0         0      
       pre_init.c.obj                 4      0         0      
       div0.asm.obj                   2      0         0      
    +--+------------------------------+------+---------+---------+
       Total:                         710    0         0      
                                                              
       Stack:                         0      0         512    
       Linker Generated:              0      44        0      
    +--+------------------------------+------+---------+---------+
       Grand Total:                   3802   664       1184   


LINKER GENERATED COPY TABLES

__TI_cinit_table @ 00001168 records: 2, size/record: 8, table size: 16
	.bss: load addr=00001158, load size=00000008 bytes, run addr=20000000, run size=0000029c bytes, compression=zero_init
	.data: load addr=00001160, load size=00000008 bytes, run addr=2000029c, run size=00000004 bytes, compression=lzss


LINKER GENERATED HANDLER TABLE

__TI_handler_table @ 00001148 records: 3, size/record: 4, table size: 12
	index: 0, handler: __TI_decompress_lzss
	index: 1, handler: __TI_decompress_none
	index: 2, handler: __TI_zero_init


GLOBAL SYMBOLS: SORTED ALPHABETICALLY BY Name 

address   name                          
-------   ----                          
00001141  C$$EXIT                       
00001131  ResetISR                      
200004a0  __STACK_END                   
00000200  __STACK_SIZE                  
200004a0  __STACK_TOP                   
00001168  __TI_CINIT_Base               
00001178  __TI_CINIT_Limit              
00001148  __TI_Handler_Table_Base       
00001154  __TI_Handler_Table_Limit      
0000107d  __TI_auto_init_nobinit_nopinit
00001015  __TI_decompress_lzss          
00001123  __TI_decompress_none          
ffffffff  __TI_pprof_out_hndl           
ffffffff  __TI_prof_data_size           
ffffffff  __TI_prof_data_start          
00000000  __TI_static_base__            
00001111  __TI_zero_init_nomemset       
00001145  __aeabi_idiv0                 
00001145  __aeabi_ldiv0                 
00000fa7  __aeabi_ldivmod               
000010f9  __aeabi_lmul                  
00000e75  __aeabi_memcpy                
00000e75  __aeabi_memcpy4               
00000e75  __aeabi_memcpy8               
00000f11  __aeabi_uldivmod              
ffffffff  __binit__                     
ffffffff  __c_args__                    
UNDEFED   __mpu_init                    
200002a0  __stack                       
000010c1  _c_int00_noargs               
UNDEFED   _system_post_cinit            
0000113d  _system_pre_init              
00001141  abort                         
ffffffff  binit                         
000006cd  busFaultIsr                   
0000058d  createSemaphore               
0000040f  createThread                  
00000a41  debounce                      
00000575  destroyThread                 
00000a97  errant                        
00000899  flash4Hz                      
20000288  flashReq                      
00000000  g_pfnVectors                  
00000e63  getMSP                        
00000e69  getPSP                        
000002b5  getcUart0                     
000006cb  hardFaultIsr                  
00000861  idle                          
0000087d  idle2                         
00000ac1  important                     
000006d1  initHw                        
0000035f  initRtos                      
2000028c  keyPressed                    
20000290  keyReleased                   
000008e9  lengthyFn                     
00000b0d  main                          
00000e75  memcpy                        
00000855  modePSP                       
000006c9  mpuFaultIsr                   
000008b5  oneshot                       
000008d5  partOfLengthyFn               
00000639  pendSvIsr                     
00000e0b  popR4R11                      
0000061b  post                          
00000dc9  pushR4R11                     
00000d75  pushfake                      
0000026d  putcUart0                     
00000289  putsUart0                     
00000959  readKeys                      
00000795  readPbs                       
20000294  resource                      
00000563  restartThread                 
000003ad  rtosScheduler                 
2000029c  semaphoreCount                
20000210  semaphores                    
00000e6f  setMSP                        
00000e5d  setPSP                        
0000057f  setThreadPriority             
00000aed  shell                         
00000607  sleep                         
20000298  sram                          
000005c5  startRtos                     
000006b3  svCallIsr                     
00000625  systickIsr                    
2000029e  taskCount                     
2000029d  taskCurrent                   
20000000  tcb                           
000002c9  tohex                         
00000a87  uncooperative                 
000006cf  usageFaultIsr                 
00000611  wait                          
00000763  waitMicrosecond               
000005fb  yield                         


GLOBAL SYMBOLS: SORTED BY Symbol Address 

address   name                          
-------   ----                          
00000000  __TI_static_base__            
00000000  g_pfnVectors                  
00000200  __STACK_SIZE                  
0000026d  putcUart0                     
00000289  putsUart0                     
000002b5  getcUart0                     
000002c9  tohex                         
0000035f  initRtos                      
000003ad  rtosScheduler                 
0000040f  createThread                  
00000563  restartThread                 
00000575  destroyThread                 
0000057f  setThreadPriority             
0000058d  createSemaphore               
000005c5  startRtos                     
000005fb  yield                         
00000607  sleep                         
00000611  wait                          
0000061b  post                          
00000625  systickIsr                    
00000639  pendSvIsr                     
000006b3  svCallIsr                     
000006c9  mpuFaultIsr                   
000006cb  hardFaultIsr                  
000006cd  busFaultIsr                   
000006cf  usageFaultIsr                 
000006d1  initHw                        
00000763  waitMicrosecond               
00000795  readPbs                       
00000855  modePSP                       
00000861  idle                          
0000087d  idle2                         
00000899  flash4Hz                      
000008b5  oneshot                       
000008d5  partOfLengthyFn               
000008e9  lengthyFn                     
00000959  readKeys                      
00000a41  debounce                      
00000a87  uncooperative                 
00000a97  errant                        
00000ac1  important                     
00000aed  shell                         
00000b0d  main                          
00000d75  pushfake                      
00000dc9  pushR4R11                     
00000e0b  popR4R11                      
00000e5d  setPSP                        
00000e63  getMSP                        
00000e69  getPSP                        
00000e6f  setMSP                        
00000e75  __aeabi_memcpy                
00000e75  __aeabi_memcpy4               
00000e75  __aeabi_memcpy8               
00000e75  memcpy                        
00000f11  __aeabi_uldivmod              
00000fa7  __aeabi_ldivmod               
00001015  __TI_decompress_lzss          
0000107d  __TI_auto_init_nobinit_nopinit
000010c1  _c_int00_noargs               
000010f9  __aeabi_lmul                  
00001111  __TI_zero_init_nomemset       
00001123  __TI_decompress_none          
00001131  ResetISR                      
0000113d  _system_pre_init              
00001141  C$$EXIT                       
00001141  abort                         
00001145  __aeabi_idiv0                 
00001145  __aeabi_ldiv0                 
00001148  __TI_Handler_Table_Base       
00001154  __TI_Handler_Table_Limit      
00001168  __TI_CINIT_Base               
00001178  __TI_CINIT_Limit              
20000000  tcb                           
20000210  semaphores                    
20000288  flashReq                      
2000028c  keyPressed                    
20000290  keyReleased                   
20000294  resource                      
20000298  sram                          
2000029c  semaphoreCount                
2000029d  taskCurrent                   
2000029e  taskCount                     
200002a0  __stack                       
200004a0  __STACK_END                   
200004a0  __STACK_TOP                   
ffffffff  __TI_pprof_out_hndl           
ffffffff  __TI_prof_data_size           
ffffffff  __TI_prof_data_start          
ffffffff  __binit__                     
ffffffff  __c_args__                    
ffffffff  binit                         
UNDEFED   __mpu_init                    
UNDEFED   _system_post_cinit            

[93 symbols]
