******************************************************************************
                  TI ARM Linker PC v18.1.4                     
******************************************************************************
>> Linked Mon Dec  2 15:41:35 2019

OUTPUT FILE NAME:   <RTOS.out>
ENTRY POINT SYMBOL: "_c_int00_noargs"  address: 000027a1


MEMORY CONFIGURATION

         name            origin    length      used     unused   attr    fill
----------------------  --------  ---------  --------  --------  ----  --------
  FLASH                 00000000   00040000  00002957  0003d6a9  R  X
  SRAM                  20000000   00008000  0000654d  00001ab3  RW X


SEGMENT ALLOCATION MAP

run origin  load origin   length   init length attrs members
----------  ----------- ---------- ----------- ----- -------
00000000    00000000    00002958   00002958    r-x
  00000000    00000000    0000026c   0000026c    r-- .intvecs
  0000026c    0000026c    000025b2   000025b2    r-x .text
  0000281e    0000281e    00000101   00000101    r-- .const
  00002920    00002920    00000038   00000038    r-- .cinit
20000000    20000000    00006551   00000000    rw-
  20000000    20000000    0000633c   00000000    rw- .bss
  20006340    20006340    00000200   00000000    rw- .stack
  20006540    20006540    00000011   00000000    rw- .data


SECTION ALLOCATION MAP

 output                                  attributes/
section   page    origin      length       input sections
--------  ----  ----------  ----------   ----------------
.intvecs   0    00000000    0000026c     
                  00000000    0000026c     tm4c123gh6pm_startup_ccs.obj (.intvecs)

.text      0    0000026c    000025b2     
                  0000026c    00002128     main.obj (.text)
                  00002394    000000f8     rtos.obj (.text)
                  0000248c    0000009c     rtsv7M4_T_le_v4SPD16_eabi.lib : memcpy_t2.asm.obj (.text)
                  00002528    00000096                                   : ull_div_t2.asm.obj (.text)
                  000025be    0000007a                                   : memset_t2.asm.obj (.text)
                  00002638    0000006e                                   : ll_div_t2.asm.obj (.text)
                  000026a6    00000068                                   : copy_decompress_lzss.c.obj (.text:decompress:lzss:__TI_decompress_lzss)
                  0000270e    00000002                                   : div0.asm.obj (.text)
                  00002710    0000004c                                   : atoi.c.obj (.text:atoi)
                  0000275c    00000044                                   : autoinit.c.obj (.text:__TI_auto_init_nobinit_nopinit:__TI_auto_init_nobinit_nopinit)
                  000027a0    00000038                                   : boot_cortex_m.c.obj (.text:_c_int00_noargs:_c_int00_noargs)
                  000027d8    00000018                                   : ll_mul_t2.asm.obj (.text)
                  000027f0    0000000e                                   : copy_decompress_none.c.obj (.text:decompress:none:__TI_decompress_none)
                  000027fe    0000000c                                   : copy_zero_init.c.obj (.text:decompress:ZI:__TI_zero_init)
                  0000280a    0000000c     tm4c123gh6pm_startup_ccs.obj (.text)
                  00002816    00000004     rtsv7M4_T_le_v4SPD16_eabi.lib : pre_init.c.obj (.text:_system_pre_init)
                  0000281a    00000004                                   : exit.c.obj (.text:abort:abort)

.const     0    0000281e    00000101     
                  0000281e    00000101     rtsv7M4_T_le_v4SPD16_eabi.lib : ctype.c.obj (.const:.string:_ctypes_)

.cinit     0    00002920    00000038     
                  00002920    00000011     (.cinit..data.load) [load image, compression = lzss]
                  00002931    00000003     --HOLE-- [fill = 0]
                  00002934    0000000c     (__TI_handler_table)
                  00002940    00000008     (.cinit..bss.load) [load image, compression = zero_init]
                  00002948    00000010     (__TI_cinit_table)

.init_array 
*          0    00000000    00000000     UNINITIALIZED

.bss       0    20000000    0000633c     UNINITIALIZED
                  20000000    00006000     (.common:heap)
                  20006000    000002a0     (.common:tcb)
                  200062a0    0000008c     (.common:semaphores)
                  2000632c    00000004     (.common:flashReq)
                  20006330    00000004     (.common:keyPressed)
                  20006334    00000004     (.common:keyReleased)
                  20006338    00000004     (.common:resource)

.data      0    20006540    00000011     UNINITIALIZED
                  20006540    00000011     main.obj (.data)

.stack     0    20006340    00000200     UNINITIALIZED
                  20006340    00000004     rtsv7M4_T_le_v4SPD16_eabi.lib : boot_cortex_m.c.obj (.stack)
                  20006344    000001fc     --HOLE--

MODULE SUMMARY

       Module                         code   ro data   rw data
       ------                         ----   -------   -------
    .\
       main.obj                       8488   0         25421  
       tm4c123gh6pm_startup_ccs.obj   12     620       0      
       rtos.obj                       248    0         0      
    +--+------------------------------+------+---------+---------+
       Total:                         8748   620       25421  
                                                              
    C:\ti\ccsv8\tools\compiler\ti-cgt-arm_18.1.4.LTS\lib\rtsv7M4_T_le_v4SPD16_eabi.lib
       ctype.c.obj                    0      257       0      
       memcpy_t2.asm.obj              156    0         0      
       ull_div_t2.asm.obj             150    0         0      
       memset_t2.asm.obj              122    0         0      
       ll_div_t2.asm.obj              110    0         0      
       copy_decompress_lzss.c.obj     104    0         0      
       atoi.c.obj                     76     0         0      
       autoinit.c.obj                 68     0         0      
       boot_cortex_m.c.obj            56     0         0      
       ll_mul_t2.asm.obj              24     0         0      
       copy_decompress_none.c.obj     14     0         0      
       copy_zero_init.c.obj           12     0         0      
       exit.c.obj                     4      0         0      
       pre_init.c.obj                 4      0         0      
       div0.asm.obj                   2      0         0      
    +--+------------------------------+------+---------+---------+
       Total:                         902    257       0      
                                                              
       Stack:                         0      0         512    
       Linker Generated:              0      53        0      
    +--+------------------------------+------+---------+---------+
       Grand Total:                   9650   930       25933  


LINKER GENERATED COPY TABLES

__TI_cinit_table @ 00002948 records: 2, size/record: 8, table size: 16
	.data: load addr=00002920, load size=00000011 bytes, run addr=20006540, run size=00000011 bytes, compression=lzss
	.bss: load addr=00002940, load size=00000008 bytes, run addr=20000000, run size=0000633c bytes, compression=zero_init


LINKER GENERATED HANDLER TABLE

__TI_handler_table @ 00002934 records: 3, size/record: 4, table size: 12
	index: 0, handler: __TI_decompress_lzss
	index: 1, handler: __TI_decompress_none
	index: 2, handler: __TI_zero_init


GLOBAL SYMBOLS: SORTED ALPHABETICALLY BY Name 

address   name                          
-------   ----                          
0000281b  C$$EXIT                       
00001a5f  MPUinit                       
00001ae1  MPUtest                       
0000280b  ResetISR                      
00001195  TimerISR                      
20006540  __STACK_END                   
00000200  __STACK_SIZE                  
20006540  __STACK_TOP                   
00002948  __TI_CINIT_Base               
00002958  __TI_CINIT_Limit              
00002934  __TI_Handler_Table_Base       
00002940  __TI_Handler_Table_Limit      
0000275d  __TI_auto_init_nobinit_nopinit
000026a7  __TI_decompress_lzss          
000027f1  __TI_decompress_none          
ffffffff  __TI_pprof_out_hndl           
ffffffff  __TI_prof_data_size           
ffffffff  __TI_prof_data_start          
00000000  __TI_static_base__            
000027ff  __TI_zero_init                
0000270f  __aeabi_idiv0                 
0000270f  __aeabi_ldiv0                 
00002639  __aeabi_ldivmod               
000027d9  __aeabi_lmul                  
000025bf  __aeabi_memclr                
000025bf  __aeabi_memclr4               
000025bf  __aeabi_memclr8               
0000248d  __aeabi_memcpy                
0000248d  __aeabi_memcpy4               
0000248d  __aeabi_memcpy8               
000025c1  __aeabi_memset                
000025c1  __aeabi_memset4               
000025c1  __aeabi_memset8               
00002529  __aeabi_uldivmod              
ffffffff  __binit__                     
ffffffff  __c_args__                    
UNDEFED   __mpu_init                    
20006340  __stack                       
000027a1  _c_int00_noargs               
0000281e  _ctypes_                      
UNDEFED   _system_post_cinit            
00002817  _system_pre_init              
0000281b  abort                         
00002711  atoi                          
ffffffff  binit                         
00001637  blinkGreenLED                 
0000106d  busFaultIsr                   
000015f1  clearScreen                   
00000775  createSemaphore               
00000595  createThread                  
00001d11  debounce                      
00000711  destroyThread                 
00001d81  errant                        
00001b95  flash4Hz                      
2000632c  flashReq                      
00000000  g_pfnVectors                  
00002479  getMSP                        
0000247f  getPSP                        
0000248b  getR0                         
00001a37  getString                     
00001a09  getValue                      
000002b5  getcUart0                     
00001675  getsUart0                     
0000106b  hardFaultIsr                  
20000000  heap                          
00001b5d  idle                          
00001b79  idle2                         
00001d9f  important                     
0000108d  initHw                        
000003fd  initRtos                      
000012ed  ipcs                          
0000198d  isCommand                     
000018e5  itoa                          
20006330  keyPressed                    
20006334  keyReleased                   
00001501  kill                          
00001c21  lengthyFn                     
0000212b  main                          
0000248d  memcpy                        
000025c7  memset                        
000012d5  modePSP                       
00001069  mpuFaultIsr                   
2000654c  offset                        
00001ba9  oneshot                       
0000176f  parceStr                      
00001bc9  partOfLengthyFn               
000008c3  pendSvIsr                     
00001459  pi                            
000014e9  pidof                         
00002431  popR4R11                      
00000837  post                          
000014b9  preempt                       
20006544  preemption                    
20006543  priorityinheritance           
000013c5  ps                            
000023ef  pushR4R11                     
00002399  pushfake                      
0000026d  putcUart0                     
00000289  putsUart0                     
00001c6b  readKeys                      
0000125d  readPbs                       
20006338  resource                      
00000701  restartThread                 
00000455  rtosScheduler                 
00001485  sched                         
20006545  scheduler                     
20006540  semaphoreCount                
200062a0  semaphores                    
00002485  setMSP                        
00002473  setPSP                        
00000729  setThreadPriority             
00001e51  shell                         
00000817  sleep                         
000007b5  startRtos                     
00000985  svCallIsr                     
00000847  systickIsr                    
20006542  taskCount                     
20006541  taskCurrent                   
20006000  tcb                           
20006548  ticks                         
0000160d  toLower                       
00000367  tohex                         
000002d1  toint                         
00001d61  uncooperative                 
0000106f  usageFaultIsr                 
00000827  wait                          
00001225  waitMicrosecond               
0000080f  yield                         


GLOBAL SYMBOLS: SORTED BY Symbol Address 

address   name                          
-------   ----                          
00000000  __TI_static_base__            
00000000  g_pfnVectors                  
00000200  __STACK_SIZE                  
0000026d  putcUart0                     
00000289  putsUart0                     
000002b5  getcUart0                     
000002d1  toint                         
00000367  tohex                         
000003fd  initRtos                      
00000455  rtosScheduler                 
00000595  createThread                  
00000701  restartThread                 
00000711  destroyThread                 
00000729  setThreadPriority             
00000775  createSemaphore               
000007b5  startRtos                     
0000080f  yield                         
00000817  sleep                         
00000827  wait                          
00000837  post                          
00000847  systickIsr                    
000008c3  pendSvIsr                     
00000985  svCallIsr                     
00001069  mpuFaultIsr                   
0000106b  hardFaultIsr                  
0000106d  busFaultIsr                   
0000106f  usageFaultIsr                 
0000108d  initHw                        
00001195  TimerISR                      
00001225  waitMicrosecond               
0000125d  readPbs                       
000012d5  modePSP                       
000012ed  ipcs                          
000013c5  ps                            
00001459  pi                            
00001485  sched                         
000014b9  preempt                       
000014e9  pidof                         
00001501  kill                          
000015f1  clearScreen                   
0000160d  toLower                       
00001637  blinkGreenLED                 
00001675  getsUart0                     
0000176f  parceStr                      
000018e5  itoa                          
0000198d  isCommand                     
00001a09  getValue                      
00001a37  getString                     
00001a5f  MPUinit                       
00001ae1  MPUtest                       
00001b5d  idle                          
00001b79  idle2                         
00001b95  flash4Hz                      
00001ba9  oneshot                       
00001bc9  partOfLengthyFn               
00001c21  lengthyFn                     
00001c6b  readKeys                      
00001d11  debounce                      
00001d61  uncooperative                 
00001d81  errant                        
00001d9f  important                     
00001e51  shell                         
0000212b  main                          
00002399  pushfake                      
000023ef  pushR4R11                     
00002431  popR4R11                      
00002473  setPSP                        
00002479  getMSP                        
0000247f  getPSP                        
00002485  setMSP                        
0000248b  getR0                         
0000248d  __aeabi_memcpy                
0000248d  __aeabi_memcpy4               
0000248d  __aeabi_memcpy8               
0000248d  memcpy                        
00002529  __aeabi_uldivmod              
000025bf  __aeabi_memclr                
000025bf  __aeabi_memclr4               
000025bf  __aeabi_memclr8               
000025c1  __aeabi_memset                
000025c1  __aeabi_memset4               
000025c1  __aeabi_memset8               
000025c7  memset                        
00002639  __aeabi_ldivmod               
000026a7  __TI_decompress_lzss          
0000270f  __aeabi_idiv0                 
0000270f  __aeabi_ldiv0                 
00002711  atoi                          
0000275d  __TI_auto_init_nobinit_nopinit
000027a1  _c_int00_noargs               
000027d9  __aeabi_lmul                  
000027f1  __TI_decompress_none          
000027ff  __TI_zero_init                
0000280b  ResetISR                      
00002817  _system_pre_init              
0000281b  C$$EXIT                       
0000281b  abort                         
0000281e  _ctypes_                      
00002934  __TI_Handler_Table_Base       
00002940  __TI_Handler_Table_Limit      
00002948  __TI_CINIT_Base               
00002958  __TI_CINIT_Limit              
20000000  heap                          
20006000  tcb                           
200062a0  semaphores                    
2000632c  flashReq                      
20006330  keyPressed                    
20006334  keyReleased                   
20006338  resource                      
20006340  __stack                       
20006540  __STACK_END                   
20006540  __STACK_TOP                   
20006540  semaphoreCount                
20006541  taskCurrent                   
20006542  taskCount                     
20006543  priorityinheritance           
20006544  preemption                    
20006545  scheduler                     
20006548  ticks                         
2000654c  offset                        
ffffffff  __TI_pprof_out_hndl           
ffffffff  __TI_prof_data_size           
ffffffff  __TI_prof_data_start          
ffffffff  __binit__                     
ffffffff  __c_args__                    
ffffffff  binit                         
UNDEFED   __mpu_init                    
UNDEFED   _system_post_cinit            

[128 symbols]
